    Finished `test` profile [unoptimized + debuginfo] target(s) in 0.46s
     Running unittests src\lib.rs (target\debug\deps\fitz-9f6ef327581700f6.exe)

running 353 tests
test api::ingress::tests::should_configure_with_builder_methods ... ok
test api::ingress::tests::should_create_default_ingress_config ... ok
test api::ingress::tests::should_display_ingress_errors ... ok
test api::tcp::tests::should_encode_length_prefix ... ok
test api::tcp::tests::should_generate_unique_session_ids ... ok
test api::tcp::tests::should_handle_large_frames ... ok
test api::ws::tests::should_generate_unique_session_ids ... ok
test auth::claims::claims_tests::should_reject_issuer_not_in_allowlist ... ok
test api::ws::tests::should_create_websocket_session ... ok
test auth::claims::claims_tests::should_parse_jwt_noverify_extract_permissions ... ok
test auth::claims::claims_tests::should_normalize_raw_claims_into_immutable_claims ... ok
test auth::claims::claims_tests::should_validate_expired_token ... ok
test auth::claims::permission_parsing_tests::should_parse_permission_without_access_defaults_to_all ... ok
test auth::claims::permission_parsing_tests::should_parse_permission_with_access_fragment ... ok
test auth::claims::permission_parsing_tests::should_reject_invalid_access_level ... ok
test auth::jwks::tests::should_derive_jwks_url_without_trailing_slash ... ok
test auth::jwks::tests::should_derive_jwks_url_with_trailing_slash ... ok
test auth::jwks::tests::should_cache_jwks_from_json ... ok
test auth::jwks::tests::should_detect_jwks_staleness_after_ttl ... ok
test auth::realm::tests::should_accept_alphanumeric_realms ... ok
test auth::realm::tests::should_accept_valid_uuid_realms ... ok
test auth::realm::tests::should_enforce_strict_equality ... ok
test auth::realm::tests::should_reject_empty_realm ... ok
test auth::realm::tests::should_reject_special_chars ... ok
test auth::realm::tests::should_reject_whitespace ... ok
test auth::token::tests::should_reject_invalid_token_format ... ok
test auth::token::tests::should_reject_hmac_with_wrong_algorithm ... ok
test boot::domains::tests::should_create_domain_sinks ... ok
test boot::domains::tests::should_define_domain_setup ... ok
test boot::domains::tests::should_handle_delivery_when_active ... ok
test boot::domains::tests::should_handle_high_priority_delivery ... ok
test boot::domains::tests::should_reject_delivery_when_stopped ... ok
test boot::handlers::tests::should_generate_unique_session_ids ... ok
test boot::runtime::tests::should_create_default_boot_config ... ok
test boot::runtime::tests::should_customize_boot_config ... ok
test boot::storage::tests::should_create_boot_config_for_test_storage ... ok
test boot::storage::tests::should_detect_local_storage_by_default ... ok
test boot::storage::tests::should_support_cloud_storage_mode ... ok
test boot::storage::tests::should_support_local_storage_mode ... ok
test boot::storage::tests::should_support_memory_storage_mode ... ok
test boot::tests::should_define_boot_module ... ok
test boot::domains::tests::should_setup_all_seven_domains ... ok
test domains::kv::actor::tests::should_commit_empty_transaction ... ok
test domains::kv::actor::tests::should_delete_existing_key ... ok
test domains::kv::actor::tests::should_enforce_transaction_scope_to_single_resource ... ok
test domains::kv::actor::tests::should_begin_transaction_for_resource ... ok
test boot::domains::tests::should_create_kv_domain_sink ... ok
test domains::kv::actor::tests::should_isolate_resources_in_same_family ... ok
test domains::kv::actor::tests::should_handle_key_scoping_correctly ... ok
test domains::kv::actor::tests::should_put_and_get_value_within_transaction ... ok
test domains::kv::actor::tests::should_panic_on_route_family_zero - should panic ... ok
test domains::kv::actor::tests::should_reject_delete_range_with_invalid_bounds ... ok
test domains::kv::actor::tests::should_reject_insert_when_key_exists ... ok
test domains::kv::actor::tests::should_reject_operations_without_active_transaction ... ok
test domains::kv::actor::tests::should_rollback_transaction ... ok
test domains::kv::actor::tests::should_scan_key_range ... ok
test domains::lease::guard::tests::should_create_lease_handle_from_acquired_response ... ok
test domains::lease::guard::tests::should_create_lease_handle_from_already_held_response ... ok
test domains::lease::guard::tests::should_independently_manage_leases_across_families ... ok
test domains::kv::actor::tests::should_scan_reverse ... ok
test domains::kv::actor::tests::should_scan_with_limit ... ok
test domains::lease::guard::tests::should_isolate_leases_across_route_families ... ok
test domains::lease::guard::tests::should_prevent_conflicts_within_same_route_family ... ok
test domains::kv::actor::tests::should_validate_delete_range_parameters ... ok
test domains::lease::guard::tests::should_mark_handle_invalid_after_expiration ... ok
test domains::lease::guard::tests::should_lose_all_leases_on_simulated_restart ... ok
test domains::lease::guard::tests::should_return_error_when_fenced ... ok
test domains::lease::guard::tests::should_return_error_when_lease_held_by_other ... ok
test domains::lease::guard::tests::should_return_error_when_lease_not_held ... ok
test domains::lease::lease_actor::tests::should_acquire_unowned_lease ... ok
test domains::lease::lease_actor::tests::should_allow_expired_lease_takeover ... ok
test domains::lease::lease_actor::tests::should_allow_reacquire_after_release ... ok
test domains::lease::lease_actor::tests::should_issue_monotonic_fencing_tokens ... ok
test domains::lease::lease_actor::tests::should_query_lease_status ... ok
test domains::lease::lease_actor::tests::should_reject_acquire_when_held_by_other ... ok
test domains::lease::lease_actor::tests::should_reject_release_with_wrong_token ... ok
test domains::lease::lease_actor::tests::should_reject_renew_of_expired_lease ... ok
test domains::lease::lease_actor::tests::should_reject_renew_with_wrong_token ... ok
test domains::lease::lease_actor::tests::should_release_lease_with_valid_token ... ok
test domains::lease::lease_actor::tests::should_renew_lease_with_valid_token ... ok
test domains::lease::lease_actor::tests::should_return_existing_token_for_idempotent_acquire ... ok
test domains::lease::session::tests::should_allow_authorized_acquire ... ok
test domains::lease::session::tests::should_allow_authorized_query_with_read_permission ... ok
test domains::lease::session::tests::should_reject_unauthenticated_acquire ... ok
test domains::lease::session::tests::should_reject_unauthorized_acquire ... ok
test domains::lease::session::tests::should_reject_unauthorized_query ... ok
test domains::lease::session::tests::should_reject_unauthorized_release ... ok
test domains::lease::session::tests::should_reject_unauthorized_renew ... ok
test domains::notice::bench::tests::should_dispatch_to_fanout_on_match ... ok
test domains::notice::bench::tests::should_match_into_smallvec_zero_copy ... ok
test domains::notice::bench::tests::should_return_zero_when_no_subscribers ... ok
test domains::notice::route_actor::tests::should_allow_multiple_sessions_on_same_actor ... ok
test domains::notice::route_actor::tests::should_clean_up_on_session_disconnect ... ok
test domains::notice::route_actor::tests::should_create_notice_route_actor ... ok
test domains::notice::route_actor::tests::should_support_idempotent_unsubscribe ... ok
test domains::notice::route_actor::tests::should_track_subscriptions ... ok
test domains::notice::route_actor::tests::should_trust_session_actor_for_auth ... ok
test domains::notice::session::tests::should_reject_unauthenticated_subscribe ... ok
test domains::notice::session::tests::should_reject_unauthorized_publish ... ok
test domains::queue::producer::tests::should_buffer_messages_until_max_batch ... ok
test domains::queue::producer::tests::should_create_producer_with_batch_config ... ok
test domains::queue::producer::tests::should_detect_timer_expiration ... ok
test domains::queue::producer::tests::should_flush_batch_to_actor ... ok
test domains::queue::queue_actor::tests::should_allow_unlimited_retries_when_max_attempts_is_none ... ok
test domains::queue::queue_actor::tests::should_complete_message_with_valid_token ... ok
test domains::lease::guard::tests::should_serialize_concurrent_acquires_correctly ... ok
test domains::queue::queue_actor::tests::should_delay_message_visibility ... ok
test domains::queue::queue_actor::tests::should_enqueue_and_reserve_message ... ok
test domains::queue::queue_actor::tests::should_enqueue_batch_atomically ... ok
test domains::queue::queue_actor::tests::should_extend_lease_with_valid_token ... ok
test domains::queue::queue_actor::tests::should_ignore_stale_timer_after_extend ... ok
test domains::queue::queue_actor::tests::should_move_to_dlq_after_max_attempts ... ok
test domains::queue::queue_actor::tests::should_preserve_fifo_order_in_batch_enqueue ... ok
test domains::queue::queue_actor::tests::should_reject_complete_with_invalid_token ... ok
test domains::queue::queue_actor::tests::should_redelivery_message_when_lease_expires ... ok
test domains::queue::queue_actor::tests::should_reject_empty_batch_enqueue ... ok
test domains::queue::queue_actor::tests::should_reject_extend_with_invalid_token ... ok
test domains::queue::queue_actor::tests::should_reject_operations_on_expired_lease ... ok
test domains::queue::queue_actor::tests::should_reserve_multiple_messages_in_batch ... ok
test domains::queue::queue_actor::tests::should_return_empty_when_reserving_empty_queue ... ok
test domains::queue::queue_actor::tests::should_return_not_found_for_nonexistent_message ... ok
test domains::queue::session::tests::should_allow_authorized_complete_with_write_permission ... ok
test domains::queue::session::tests::should_allow_authorized_enqueue ... ok
test domains::queue::session::tests::should_reject_unauthenticated_enqueue ... ok
test domains::queue::session::tests::should_allow_authorized_reserve_with_read_permission ... ok
test domains::queue::session::tests::should_reject_unauthorized_extend ... ok
test domains::queue::session::tests::should_reject_unauthorized_complete ... ok
test domains::rpc::errors::tests::should_create_backpressure_error ... ok
test domains::rpc::errors::tests::should_format_error_codes ... ok
test domains::rpc::reply_inbox::tests::should_buffer_out_of_order_chunks ... ok
test domains::rpc::reply_inbox::tests::should_create_inbox ... ok
test domains::rpc::reply_inbox::tests::should_drop_duplicate_chunks ... ok
test domains::rpc::reply_inbox::tests::should_flush_buffer_when_gap_filled ... ok
test domains::rpc::reply_inbox::tests::should_handle_single_chunk_response ... ok
test domains::rpc::rpc_route_actor::tests::should_create_actor_with_custom_capacity ... ok
test domains::rpc::rpc_route_actor::tests::should_create_actor_with_default_capacity ... ok
test domains::rpc::rpc_route_actor::tests::should_enqueue_request_when_no_workers ... ok
test domains::rpc::rpc_route_actor::tests::should_register_worker ... ok
test domains::rpc::rpc_route_actor::tests::should_unregister_worker ... ok
test domains::rpc::session::tests::should_allow_authorized_rpc_call ... ok
test domains::rpc::session::tests::should_allow_worker_subscription_with_all_permission ... ok
test domains::rpc::session::tests::should_reject_unauthorized_rpc_call ... ok
test domains::rpc::session::tests::should_reject_worker_subscription_without_admin_permission ... ok
test domains::schedule::actor::tests::should_handle_empty_field ... ok
test domains::schedule::actor::tests::should_match_every_minute ... ok
test domains::schedule::actor::tests::should_match_list_pattern ... ok
test domains::schedule::actor::tests::should_match_range_pattern ... ok
test domains::schedule::actor::tests::should_match_specific_hour ... ok
test domains::schedule::actor::tests::should_match_step_pattern ... ok
test domains::schedule::actor::tests::should_match_weekday ... ok
test domains::schedule::actor::tests::should_match_workday_9am ... ok
test domains::schedule::actor::tests::should_not_match_different_hour ... ok
test domains::schedule::actor::tests::should_not_match_different_weekday ... ok
test domains::schedule::actor::tests::should_not_match_outside_work_hours ... ok
test domains::schedule::actor::tests::should_not_match_weekend ... ok
test domains::schedule::actor::tests::should_parse_cron_complex_expression ... ok
test domains::schedule::actor::tests::should_parse_cron_every_minute ... ok
test domains::schedule::actor::tests::should_parse_cron_with_list_syntax ... ok
test domains::schedule::actor::tests::should_parse_cron_with_range_syntax ... ok
test domains::schedule::actor::tests::should_parse_cron_with_step_syntax ... ok
test domains::schedule::actor::tests::should_parse_field_with_leading_zeros ... ok
test domains::schedule::actor::tests::should_parse_max_values ... ok
test domains::schedule::actor::tests::should_parse_min_values ... ok
test domains::schedule::actor::tests::should_parse_mixed_csv_and_ranges ... ok
test domains::schedule::actor::tests::should_parse_range_with_single_value ... ok
test domains::schedule::actor::tests::should_reject_invalid_field_count ... ok
test domains::schedule::actor::tests::should_reject_invalid_range ... ok
test domains::schedule::actor::tests::should_reject_out_of_bounds_day ... ok
test domains::schedule::actor::tests::should_reject_out_of_bounds_hour ... ok
test domains::schedule::actor::tests::should_reject_out_of_bounds_minute ... ok
test domains::schedule::actor::tests::should_reject_out_of_bounds_month ... ok
test domains::schedule::actor::tests::should_reject_out_of_bounds_weekday ... ok
test domains::schedule::actor::tests::should_reject_reversed_range ... ok
test domains::schedule::protocol::tests::should_encode_all_fields_correctly ... ok
test domains::schedule::protocol::tests::should_handle_complex_cron_expressions ... ok
test domains::schedule::protocol::tests::should_reject_missing_fields ... ok
test domains::schedule::protocol::tests::should_roundtrip_schedule_tlv ... ok
test domains::queue::session::tests::should_reject_unauthorized_reserve ... ok
test domains::stream::area_actor::tests::should_advance_watermark_on_contiguous_commit ... ok
test domains::stream::area_actor::tests::should_advance_watermark_when_gap_filled ... ok
test domains::stream::area_actor::tests::should_buffer_out_of_order_ranges ... ok
test domains::stream::area_actor::tests::should_mint_area_offsets_from_zero ... ok
test domains::stream::area_actor::tests::should_clean_up_consumed_ranges ... ok
test domains::stream::area_actor::tests::should_not_advance_watermark_with_gap ... ok
test domains::stream::area_actor::tests::should_mint_sequential_area_offset_blocks ... ok
test domains::stream::realm_actor::tests::should_handle_single_area ... ok
test domains::stream::realm_actor::tests::should_calculate_realm_watermark_as_minimum ... ok
test domains::stream::realm_actor::tests::should_mint_sequential_realm_offset_blocks ... ok
test domains::stream::realm_actor::tests::should_not_advance_realm_watermark_if_not_minimum ... ok
test domains::stream::realm_actor::tests::should_mint_realm_offsets_from_zero ... ok
test domains::stream::realm_actor::tests::should_track_multiple_area_watermarks ... ok
test domains::stream::realm_actor::tests::should_update_realm_watermark_when_minimum_advances ... ok
test domains::stream::storage::tests::should_encode_resource_key_with_proper_ordering ... ok
test domains::stream::storage::tests::should_encode_area_key_with_proper_ordering ... ok
test domains::stream::storage::tests::should_isolate_keys_by_prefix ... ok
test domains::stream::storage::tests::should_roundtrip_resource_value ... ok
test protocol::codec_trait::tests::should_create_codec_builder ... ok
test protocol::frame_context::tests::should_create_frame_context ... ok
test protocol::kv_codec::tests::should_encode_get_result_found ... ok
test protocol::kv_codec::tests::should_encode_get_result_not_found ... ok
test protocol::kv_codec::tests::should_parse_begin_read_write_buffered ... ok
test protocol::kv_codec::tests::should_parse_get_with_key ... ok
test protocol::mux::tests::should_map_default_ranges ... ok
test protocol::mux::tests::should_route_to_channel ... ok
test protocol::mux::tests::should_track_backpressure ... ok
test protocol::queue_codec::tests::should_encode_enqueued_response ... ok
test protocol::queue_codec::tests::should_encode_reserved_response ... ok
test protocol::queue_codec::tests::should_parse_complete_message ... ok
test protocol::queue_codec::tests::should_parse_enqueue_message ... ok
test protocol::queue_codec::tests::should_parse_reserve_message ... ok
test protocol::tlv::tests::should_decode_all_consistently ... ok
test protocol::tlv::tests::should_decode_into ... ok
test protocol::tlv::tests::should_decode_multiple_records ... ok
test protocol::tlv::tests::should_decode_refs_into_zero_copy ... ok
test protocol::tlv::tests::should_decode_single_byte_type ... ok
test protocol::tlv::tests::should_fail_on_incomplete_value ... ok
test protocol::tlv::tests::should_fail_on_oversized_value ... ok
test protocol::tlv::tests::should_reject_invalid_escape_encoding ... ok
test protocol::tlv_codec::tests::should_encode_and_decode_bytes ... ok
test protocol::tlv_codec::tests::should_encode_and_decode_optional ... ok
test protocol::tlv_codec::tests::should_encode_and_decode_scalars ... ok
test protocol::tlv_codec::tests::should_encode_and_decode_strings ... ok
test protocol::tlv_codec::tests::should_error_on_incomplete_data ... ok
test protocol::tlv_codec::tests::should_validate_utf8 ... ok
test runtime::actor::tests::should_compare_equal_actor_ids ... ok
test runtime::actor::tests::should_compare_unequal_actor_ids ... ok
test runtime::actor::tests::should_create_actor_id ... ok
test runtime::actor::tests::should_create_context_with_running_state ... ok
test runtime::actor::tests::should_fail_send_when_mailbox_full ... ok
test runtime::actor::tests::should_format_actor_id ... ok
test runtime::actor::tests::should_get_actor_id_from_ref ... ok
test runtime::actor::tests::should_inherit_causation_when_sending_from_context ... ok
test runtime::actor::tests::should_inherit_deadline_when_sending_from_context ... ok
test runtime::actor::tests::should_reply_to_sender_via_context ... ok
test runtime::actor::tests::should_send_message_via_actor_ref ... ok
test runtime::actor::tests::should_send_message_via_context ... ok
test runtime::actor::tests::should_stop_context ... ok
test runtime::cf_validation::tests::should_accept_valid_cf_id ... ok
test runtime::cf_validation::tests::should_accept_valid_route_family ... ok
test runtime::cf_validation::tests::should_convert_route_family_to_cf ... ok
test runtime::cf_validation::tests::should_panic_converting_zero_family_to_cf - should panic ... ok
test runtime::cf_validation::tests::should_panic_on_default_cf - should panic ... ok
test runtime::cf_validation::tests::should_panic_on_zero_route_family - should panic ... ok
test runtime::context::tests::should_cancel_timer ... ok
test runtime::context::tests::should_fire_timer_after_delay ... ok
test runtime::envelope::tests::should_create_envelope_with_destination ... ok
test runtime::envelope::tests::should_create_envelope_with_source ... ok
test runtime::envelope::tests::should_create_reply_envelope ... ok
test runtime::envelope::tests::should_detect_expired_deadline ... ok
test runtime::envelope::tests::should_extract_payload ... ok
test runtime::envelope::tests::should_format_message_id ... ok
test runtime::envelope::tests::should_generate_unique_message_ids ... ok
test runtime::envelope::tests::should_inherit_deadline_in_reply ... ok
test runtime::envelope::tests::should_return_none_for_wrong_type ... ok
test runtime::envelope::tests::should_set_causation ... ok
test runtime::envelope::tests::should_set_deadline ... ok
test runtime::mailbox::tests::should_clone_mailbox ... ok
test runtime::mailbox::tests::should_create_mailbox_with_capacity ... ok
test runtime::mailbox::tests::should_handle_multiple_senders ... ok
test runtime::mailbox::tests::should_receive_envelope_from_mailbox ... ok
test runtime::mailbox::tests::should_respect_mailbox_capacity ... ok
test runtime::mailbox::tests::should_send_envelope_to_mailbox ... ok
test runtime::matcher::tests::should_match_double_star_at_end ... ok
test runtime::matcher::tests::should_match_double_star_at_end_many_segments ... ok
test runtime::matcher::tests::should_match_double_star_at_end_no_segments ... ok
test runtime::matcher::tests::should_match_double_star_from_middle ... ok
test runtime::matcher::tests::should_match_double_star_from_middle_many_segments ... ok
test runtime::matcher::tests::should_match_double_star_from_middle_no_segments ... ok
test runtime::matcher::tests::should_match_double_star_with_no_segments ... ok
test runtime::matcher::tests::should_match_double_star_with_related_prefix ... ok
test runtime::matcher::tests::should_match_exact_route ... ok
test runtime::matcher::tests::should_match_multiple_wildcards ... ok
test runtime::matcher::tests::should_match_multiple_wildcards_inventory ... ok
test runtime::matcher::tests::should_match_pattern_without_scheme ... ok
test runtime::matcher::tests::should_match_pattern_without_scheme_update ... ok
test runtime::matcher::tests::should_match_single_star_wildcard ... ok
test runtime::matcher::tests::should_match_single_star_wildcard_delete ... ok
test runtime::matcher::tests::should_match_single_star_wildcard_update ... ok
test runtime::matcher::tests::should_not_match_across_single_star_boundary ... ok
test runtime::matcher::tests::should_not_match_different_route ... ok
test runtime::matcher::tests::should_not_match_double_star_across_unrelated_prefix ... ok
test runtime::matcher::tests::should_not_match_literal_when_pattern_expects_wildcard ... ok
test runtime::matcher::tests::should_not_match_multiple_wildcards_insufficient_segments ... ok
test runtime::router::tests::should_clone_router ... ok
test runtime::router::tests::should_handle_concurrent_routing ... ok
test runtime::router::tests::should_isolate_same_route_in_different_families ... ok
test runtime::router::tests::should_register_route ... ok
test runtime::router::tests::should_return_error_for_failed_delivery ... ok
test runtime::router::tests::should_return_error_for_unregistered_route ... ok
test runtime::router::tests::should_route_envelope_to_registered_route ... ok
test runtime::router::tests::should_support_multiple_routes ... ok
test runtime::router::tests::should_unregister_route ... ok
test runtime::routing::tests::should_allow_same_route_in_different_families_in_hashmap ... ok
test runtime::routing::tests::should_compare_route_families_by_identity ... ok
test runtime::routing::tests::should_compare_routes_by_path ... ok
test runtime::routing::tests::should_create_route ... ok
test runtime::routing::tests::should_create_route_address ... ok
test runtime::routing::tests::should_create_route_family ... ok
test runtime::routing::tests::should_hash_route_families_consistently ... ok
test runtime::routing::tests::should_isolate_same_route_in_different_families ... ok
test runtime::scheduler::tests::should_create_scheduler_with_workers ... ok
test runtime::scheduler::tests::should_drop_expired_messages ... ok
test runtime::scheduler::tests::should_enable_actor_to_actor_messaging ... ok
test runtime::scheduler::tests::should_generate_unique_actor_ids ... ok
test runtime::scheduler::tests::should_process_messages_in_sequence ... ok
test runtime::scheduler::tests::should_start_scheduler ... ok
test runtime::scheduler::tests::should_stop_scheduler ... ok
test runtime::context::tests::should_schedule_repeating_timer ... ok
test runtime::subscriptions::tests::should_handle_mixed_patterns ... ok
test runtime::subscriptions::tests::should_handle_multiple_subscribers_to_same_pattern ... ok
test runtime::subscriptions::tests::should_isolate_by_route_family ... ok
test runtime::subscriptions::tests::should_isolate_families_independently ... ok
test runtime::subscriptions::tests::should_match_double_star_multiple_segments ... ok
test runtime::subscriptions::tests::should_match_double_star_with_suffix ... ok
test runtime::subscriptions::tests::should_match_double_star_zero_segments ... ok
test runtime::subscriptions::tests::should_match_exact_pattern ... ok
test runtime::subscriptions::tests::should_match_single_star_wildcard ... ok
test runtime::subscriptions::tests::should_not_cross_realm_with_double_star ... ok
test runtime::subscriptions::tests::should_not_cross_star_boundary ... ok
test runtime::subscriptions::tests::should_not_match_different_route ... ok
test runtime::subscriptions::tests::should_remove_subscription ... ok
test runtime::supervision::tests::should_create_escalate_strategy ... ok
test runtime::supervision::tests::should_create_restart_strategy ... ok
test runtime::supervision::tests::should_create_resume_strategy ... ok
test runtime::supervision::tests::should_create_stop_strategy ... ok
test runtime::supervision::tests::should_decide_restart_action ... ok
test runtime::supervision::tests::should_decide_stop_action ... ok
test runtime::scheduler::tests::should_support_reply_pattern ... ok
test runtime::supervision::tests::should_fail_restart_when_exceeding_limit ... ok
test runtime::supervision::tests::should_reset_restart_tracker ... ok
test runtime::supervision::tests::should_track_restart_within_limit ... ok
test session::actor::tests::should_session_actor_authorize_checks_permissions ... ok
test runtime::supervision::tests::should_expire_old_restart_records ... ok
test session::manager::tests::should_allow_e2e_notification_publish_via_ingress_snapshot ... ok
test session::manager::tests::should_call_event_handler ... ok
test session::manager::tests::should_create_session_actor_on_open ... ok
test session::manager::tests::should_list_sessions ... ok
test session::manager::tests::should_deny_e2e_notification_publish_via_ingress_snapshot ... ok
test session::manager::tests::should_open_session ... ok
test session::manager::tests::should_process_frame ... ok
test session::manager::tests::should_reject_connect_with_issuer_invalid_signature ... ok
test session::manager::tests::should_reject_control_non_connect_before_auth ... ok
test session::manager::tests::should_reject_connect_with_malformed_permissions ... ok
test session::manager::tests::should_reject_non_connect_before_auth ... ok
test session::manager::tests::should_reject_unknown_session ... ok
test session::manager::tests::should_retrieve_session_info ... ok
test session::manager::tests::should_set_permissions_on_connect_with_issuer_valid_signature ... ok
test session::manager::tests::should_set_permissions_on_connect_with_valid_token ... ok
test session::permissions::tests::should_check_allows_permissions ... ok
test session::permissions::tests::should_snapshot_survive_clone ... ok
test session::manager::tests::should_update_session_actor_on_connect ... ok
test domains::lease::guard::tests::should_reject_stale_fencing_tokens ... ok
test domains::lease::guard::tests::should_proactively_expire_leases_on_tick ... ok

test result: ok. 353 passed; 0 failed; 0 ignored; 0 measured; 0 filtered out; finished in 3.23s

     Running unittests src\main.rs (target\debug\deps\fitz-4bf8038beac1b97a.exe)

running 0 tests

test result: ok. 0 passed; 0 failed; 0 ignored; 0 measured; 0 filtered out; finished in 0.00s

     Running tests\auth_comprehensive.rs (target\debug\deps\auth_comprehensive-fca1155435aaecdd.exe)

running 11 tests
test should_authenticate_transition_from_unauthenticated ... ok
test should_detect_expired_token_with_is_token_expired ... ok
test should_allow_valid_token_in_authorize ... ok
test should_batch_authorize_reject_all_on_expired_token ... ok
test should_grant_all_access_when_permission_has_no_access_specifier ... ok
test should_not_consider_unauthenticated_session_expired ... ok
test should_reauth_update_expiration_time ... ok
test should_reject_expired_token_in_authorize ... ok
test should_replace_permissions_on_reauth ... ok
test should_return_none_for_token_expiration_when_unauthenticated ... ok
test should_wildcard_permissions_match_multiple_routes ... ok

test result: ok. 11 passed; 0 failed; 0 ignored; 0 measured; 0 filtered out; finished in 0.00s

     Running tests\broker_e2e.rs (target\debug\deps\broker_e2e-596834846d00943b.exe)

running 3 tests
test should_connect_via_tcp ... ignored, Requires broker running on 4091
test should_handle_multiple_tcp_connections ... ignored, Requires broker running on 4091
test should_upgrade_to_websocket ... ignored, Requires broker running on 4090

test result: ok. 0 passed; 0 failed; 3 ignored; 0 measured; 0 filtered out; finished in 0.00s

     Running tests\kv_auth.rs (target\debug\deps\kv_auth-23f1cc5f44317c3e.exe)

running 8 tests
test should_accept_valid_message_type ... ok
test should_allow_read_permission_for_transactions ... ok
test should_allow_authorized_realm_access ... ok
test should_reject_invalid_message_type ... ok
test should_enforce_realm_equality_strictly ... ok
test should_enforce_realm_isolation_across_sessions ... ok
test should_reject_unauthorized_realm_access ... ok
test should_allow_subsequent_operations_after_begin ... ok

test result: ok. 8 passed; 0 failed; 0 ignored; 0 measured; 0 filtered out; finished in 0.13s

     Running tests\kv_e2e_basic.rs (target\debug\deps\kv_e2e_basic-b2d0287f5b4947aa.exe)

running 7 tests
test should_handle_delete_operations ... ok
test should_allow_multiple_sequential_transactions ... ok
test should_isolate_transactions_across_resources ... ok
test should_reject_operations_without_begin ... ok
test should_isolate_transactions_across_column_families ... ok
test should_complete_transaction_begin_put_get_sequence ... ok
test should_rollback_changes_on_explicit_rollback ... ok

test result: ok. 7 passed; 0 failed; 0 ignored; 0 measured; 0 filtered out; finished in 0.03s

     Running tests\kv_e2e_domain_routing.rs (target\debug\deps\kv_e2e_domain_routing-060d7f86434a9586.exe)

running 7 tests
test tests::should_encode_kv_get_result_not_found ... ok
test tests::should_encode_kv_get_result_found ... ok
test tests::should_encode_kv_put_ok ... ok
test tests::should_parse_kv_begin_message ... ok
test tests::should_parse_kv_get_message ... ok
test tests::should_parse_kv_put_message ... ok
test tests::should_roundtrip_kv_message ... ok

test result: ok. 7 passed; 0 failed; 0 ignored; 0 measured; 0 filtered out; finished in 0.00s

     Running tests\kv_realm_isolation.rs (target\debug\deps\kv_realm_isolation-b5538054b315a30b.exe)

running 9 tests
test should_never_accept_client_supplied_realm_as_authority ... ok
test should_enforce_realm_equality_strictly ... ok
test should_reject_implicit_realm_without_default_realm ... ok
test should_isolate_kv_data_across_realms ... ok
test should_check_realm_authorization_before_touching_midge ... ok
test should_not_leak_realm_existence_in_errors ... ok
test should_treat_realm_as_opaque_identifier ... ok
test should_reject_realm_switch_on_single_realm_token ... ok
test should_reject_malformed_realm_before_domain_execution ... ok

test result: ok. 9 passed; 0 failed; 0 ignored; 0 measured; 0 filtered out; finished in 0.03s

     Running tests\kv_session_permissions.rs (target\debug\deps\kv_session_permissions-e980b773c8c293ed.exe)

running 4 tests
test should_reject_read_only_session_begin_read_write ... ok
test should_allow_read_only_session_begin_read_only ... ok
test should_allow_write_session_begin_read_only ... ok
test should_allow_write_session_begin_read_write ... ok

test result: ok. 4 passed; 0 failed; 0 ignored; 0 measured; 0 filtered out; finished in 0.01s

     Running tests\lease_auth.rs (target\debug\deps\lease_auth-fc93de96aaa54530.exe)

running 8 tests
test should_reject_lease_acquire_with_read_only_permission ... ok
test should_enforce_realm_boundary_for_lease_operations ... ok
test should_allow_lease_query_with_read_permission ... ok
test should_allow_lease_acquire_with_write_permission ... ok
test should_reject_unauthenticated_lease_acquire ... ok
test should_reject_unauthorized_lease_query ... ok
test should_reject_unauthorized_lease_release ... ok
test should_reject_unauthorized_lease_renew ... ok

test result: ok. 8 passed; 0 failed; 0 ignored; 0 measured; 0 filtered out; finished in 0.00s

     Running tests\lease_e2e_basic.rs (target\debug\deps\lease_e2e_basic-c7ec8a3ed4e9c95f.exe)

running 3 tests
test should_acquire_lease_successfully ... ok
test should_renew_lease_successfully ... ok
test should_release_lease_successfully ... ok

test result: ok. 3 passed; 0 failed; 0 ignored; 0 measured; 0 filtered out; finished in 0.00s

     Running tests\lease_realm_isolation.rs (target\debug\deps\lease_realm_isolation-237cddcdab31f6b8.exe)

running 9 tests
test should_include_realm_in_lease_key_identity ... ok
test should_isolate_leases_by_realm ... ok
test should_maintain_global_monotonic_tokens ... ok
test should_enforce_realm_in_lease_operations ... ok
test should_prevent_cross_realm_lease_confusion ... ok
test should_rely_on_auth_layer_for_lease_realm_validation ... ok
test should_require_explicit_realm_in_lease_routes ... ok
test should_support_lease_operations_within_realm ... ok
test should_treat_realm_as_opaque_in_lease_keys ... ok

test result: ok. 9 passed; 0 failed; 0 ignored; 0 measured; 0 filtered out; finished in 0.00s

     Running tests\lease_semantics.rs (target\debug\deps\lease_semantics-f6f16f608cf9af6c.exe)

running 9 tests
test should_grant_lease_to_first_requester ... ok
test should_isolate_leases_across_route_families ... ok
test should_issue_monotonically_increasing_tokens ... ok
test should_allow_new_owner_after_release ... ok
test should_query_lease_status ... ok
test should_reject_second_requester_when_lease_is_held ... ok
test should_release_lease_with_valid_token ... ok
test should_renew_lease_with_valid_token ... ok
test should_return_same_token_for_idempotent_acquire ... ok

test result: ok. 9 passed; 0 failed; 0 ignored; 0 measured; 0 filtered out; finished in 0.00s

     Running tests\method_operation_independence.rs (target\debug\deps\method_operation_independence-fd496f43f6e17d33.exe)

running 5 tests
test should_reject_missing_method_at_protocol_level ... ok
test should_dispatch_different_methods_on_same_route ... ok
test should_select_handler_by_method_not_route_operation ... ok
test should_ignore_route_operation_segment_for_method_selection ... ok
test should_execute_identical_method_regardless_of_route_context ... ok

test result: ok. 5 passed; 0 failed; 0 ignored; 0 measured; 0 filtered out; finished in 0.12s

     Running tests\notice_auth.rs (target\debug\deps\notice_auth-abdc5915411fca5f.exe)

running 2 tests
test should_reject_unauthenticated_subscribe ... ok
test should_reject_unauthorized_publish ... ok

test result: ok. 2 passed; 0 failed; 0 ignored; 0 measured; 0 filtered out; finished in 0.00s

     Running tests\notice_e2e_basic.rs (target\debug\deps\notice_e2e_basic-f80b837b74ef6509.exe)

running 1 test
test should_deliver_single_notification_to_single_subscription ... ok

test result: ok. 1 passed; 0 failed; 0 ignored; 0 measured; 0 filtered out; finished in 0.00s

     Running tests\notice_e2e_fanout.rs (target\debug\deps\notice_e2e_fanout-a402cbc0f352503b.exe)

running 2 tests
test should_not_duplicate_deliveries_for_duplicate_subscriptions ... ok
test should_deliver_notifications_to_overlapping_subscriptions ... ok

test result: ok. 2 passed; 0 failed; 0 ignored; 0 measured; 0 filtered out; finished in 0.00s

     Running tests\notice_e2e_scale.rs (target\debug\deps\notice_e2e_scale-fefde83731845af2.exe)

running 2 tests
test should_handle_1k_subscriptions_end_to_end ... ok
test should_handle_5k_subscriptions_without_failure_end_to_end ... ok

test result: ok. 2 passed; 0 failed; 0 ignored; 0 measured; 0 filtered out; finished in 0.43s

     Running tests\notice_fanout_math.rs (target\debug\deps\notice_fanout_math-fa85192bfbaa3fc5.exe)

running 5 tests
test should_fan_out_one_notification_to_one_subscription ... ok
test should_fan_out_one_notification_to_many_subscriptions ... ok
test should_produce_exactly_n_deliveries_for_n_matching_subscriptions ... ok
test should_fan_out_many_notifications_to_many_subscriptions ... ok
test should_produce_zero_deliveries_when_no_subscriptions_exist ... ok

test result: ok. 5 passed; 0 failed; 0 ignored; 0 measured; 0 filtered out; finished in 0.00s

     Running tests\notice_scale_shape.rs (target\debug\deps\notice_scale_shape-e6bfea371e955f57.exe)

running 3 tests
test should_scale_linearly_with_subscription_count ... ok
test should_not_exhibit_quadratic_fanout_growth ... ok
test should_handle_large_subscription_sets_without_failure ... ok

test result: ok. 3 passed; 0 failed; 0 ignored; 0 measured; 0 filtered out; finished in 0.03s

     Running tests\notice_semantics.rs (target\debug\deps\notice_semantics-d7e7e517bf54bfc1.exe)

running 6 tests
test should_deliver_notification_to_all_matching_subscriptions ... ok
test should_deliver_notifications_to_overlapping_subscriptions ... ok
test should_deliver_notification_to_exact_matching_subscription ... ok
test should_deliver_multiple_notifications_independently ... ok
test should_not_deliver_notification_when_no_subscription_matches ... ok
test should_not_duplicate_delivery_for_same_subscription ... ok

test result: ok. 6 passed; 0 failed; 0 ignored; 0 measured; 0 filtered out; finished in 0.00s

     Running tests\queue_competing_consumers.rs (target\debug\deps\queue_competing_consumers-96683d69b75317f0.exe)

running 6 tests
test should_dlq_message_after_max_attempts ... ok
test should_redelivery_message_on_lease_expiration ... ok
test should_distribute_messages_fairly_among_competing_consumers ... ok
test should_redelivery_messages_after_crash ... ok
test should_preserve_delayed_visibility_across_restart ... ok
test should_prevent_id_collisions_across_crash ... ok

test result: ok. 6 passed; 0 failed; 0 ignored; 0 measured; 0 filtered out; finished in 0.13s

     Running tests\queue_e2e_basic.rs (target\debug\deps\queue_e2e_basic-9acd85604a41edf2.exe)

running 3 tests
test should_recover_messages_after_restart ... ok
test should_increment_attempts_on_redelivery ... ok
test should_persist_messages_to_storage ... ok

test result: ok. 3 passed; 0 failed; 0 ignored; 0 measured; 0 filtered out; finished in 0.02s

     Running tests\queue_realm_isolation.rs (target\debug\deps\queue_realm_isolation-941a4840e6654e0d.exe)

running 9 tests
test should_bind_queue_realm_immutably_at_construction ... ok
test should_accept_queue_operations_only_in_bound_realm ... ok
test should_create_distinct_queue_actors_per_realm ... ok
test should_prevent_runtime_queue_realm_changes ... ok
test should_achieve_queue_isolation_through_actor_design ... ok
test should_rely_on_auth_layer_for_queue_realm_validation ... ok
test should_isolate_queue_messages_by_realm ... ok
test should_use_independent_queue_storage_per_realm ... ok
test should_route_to_correct_realm_queue ... ok

test result: ok. 9 passed; 0 failed; 0 ignored; 0 measured; 0 filtered out; finished in 0.08s

     Running tests\rpc_auth.rs (target\debug\deps\rpc_auth-40027c0b7882e97e.exe)

running 8 tests
test should_allow_requests_within_granted_scope ... ok
test should_allow_rpc_request_with_valid_call_permission ... ok
test should_enforce_realm_isolation_in_authorization ... ok
test should_allow_worker_subscription_with_valid_permissions ... ok
test should_enforce_scope_boundaries_for_rpc_calls ... ok
test should_reject_rpc_request_without_call_permission ... ok
test should_reject_worker_subscription_without_permissions ... ok
test should_validate_permissions_per_request ... ok

test result: ok. 8 passed; 0 failed; 0 ignored; 0 measured; 0 filtered out; finished in 0.00s

     Running tests\rpc_e2e_basic.rs (target\debug\deps\rpc_e2e_basic-c2bcdc6c1c6d2648.exe)

running 5 tests
test should_handle_multiple_workers_for_same_route ... ok
test should_complete_basic_request_response_cycle ... ok
test should_maintain_isolation_across_realms ... ok
test should_handle_streaming_report_generation ... ok
test should_queue_requests_when_worker_unregisters ... ok

test result: ok. 5 passed; 0 failed; 0 ignored; 0 measured; 0 filtered out; finished in 0.00s

     Running tests\rpc_lease_fault_tolerance.rs (target\debug\deps\rpc_lease_fault_tolerance-a4e357aedb17bc5c.exe)

running 10 tests
test should_create_backpressure_error_with_correlation_id ... ok
test should_create_timeout_error_with_correlation_id ... ok
test should_drop_late_response_after_lease_expired ... ok
test should_allow_worker_to_take_next_request_after_lease_released ... ok
test should_format_error_codes_correctly ... ok
test should_handle_backpressure_when_queue_full ... ok
test should_release_lease_when_receiving_ack ... ok
test should_release_lease_when_receiving_stream_end_response ... ok
test should_track_active_leases_when_dispatching_request ... ok
test should_track_multiple_concurrent_leases ... ok

test result: ok. 10 passed; 0 failed; 0 ignored; 0 measured; 0 filtered out; finished in 0.00s

     Running tests\rpc_semantics.rs (target\debug\deps\rpc_semantics-754fae00c6440e47.exe)

running 10 tests
test should_correlate_response_with_request ... ok
test should_distribute_requests_across_multiple_workers ... ok
test should_cleanup_state_after_request_completion ... ok
test should_enqueue_request_when_no_workers_available ... ok
test should_handle_worker_unsubscribe ... ok
test should_handle_streaming_response_with_multiple_chunks ... ok
test should_isolate_requests_across_route_families ... ok
test should_maintain_request_order_in_queue ... ok
test should_reject_request_when_queue_is_full ... ok
test should_route_request_to_available_worker ... ok

test result: ok. 10 passed; 0 failed; 0 ignored; 0 measured; 0 filtered out; finished in 0.00s

     Running tests\rpc_streaming_ordering.rs (target\debug\deps\rpc_streaming_ordering-09fef1954716e727.exe)

running 12 tests
test should_cleanup_stream_on_explicit_cleanup_message ... ok
test should_accept_single_chunk_response ... ok
test should_cleanup_stream_when_final_chunk_received ... ok
test should_buffer_out_of_order_chunks ... ok
test should_cleanup_when_buffered_final_chunk_flushed ... ok
test should_drop_duplicate_chunks ... ok
test should_flush_buffer_when_gap_filled ... ok
test should_handle_buffer_overflow_by_disconnecting ... ok
test should_handle_in_order_streaming_chunks ... ok
test should_handle_large_sequence_gaps ... ok
test should_handle_multiple_concurrent_streams ... ok
test should_isolate_streams_by_correlation_id ... ok

test result: ok. 12 passed; 0 failed; 0 ignored; 0 measured; 0 filtered out; finished in 0.00s

     Running tests\runtime_hardening.rs (target\debug\deps\runtime_hardening-4cc5a7db930b69da.exe)

running 8 tests
test should_fire_timer_when_scheduled ... ok
test should_process_messages_with_two_phase_scheduler ... ok
test should_enforce_time_budget_per_tick ... ok
test should_return_mailbox_full_when_self_send_under_full_mailbox ... ok
test should_cancel_timers_automatically_on_stop ... ok
test should_record_type_mismatch_metric_when_error_occurs ... ok
test should_stop_actor_immediately_after_panic ... ok
test should_use_relaxed_ordering_for_metrics ... ok

test result: ok. 8 passed; 0 failed; 0 ignored; 0 measured; 0 filtered out; finished in 0.51s

     Running tests\runtime_priority_lanes_basic.rs (target\debug\deps\runtime_priority_lanes_basic-10366b09997bcd20.exe)

running 7 tests
test should_enforce_capacity_limits_on_high_lane ... ok
test should_enforce_capacity_limits_on_normal_lane ... ok
test should_report_occupancy_for_both_lanes ... ok
test should_verify_dual_channel_architecture ... ok
test should_verify_independent_lane_capacities ... ok
test should_process_actor_messages_with_dual_lanes ... ok
test should_process_messages_from_both_lanes ... ok

test result: ok. 7 passed; 0 failed; 0 ignored; 0 measured; 0 filtered out; finished in 0.20s

     Running tests\schedule_auth.rs (target\debug\deps\schedule_auth-d6bb698949fc6422.exe)

running 8 tests
test should_allow_read_permission_for_status_check ... ok
test should_allow_authorized_realm_for_schedule ... ok
test should_distinguish_between_read_and_write_permissions ... ok
test should_enforce_realm_equality_strictly_for_schedule ... ok
test should_enforce_realm_isolation_across_different_realms ... ok
test should_reject_unauthorized_realm_for_schedule ... ok
test should_support_wildcard_patterns_for_schedule_realms ... ok
test should_support_write_permission_level ... ok

test result: ok. 8 passed; 0 failed; 0 ignored; 0 measured; 0 filtered out; finished in 0.00s

     Running tests\schedule_cron_ranges.rs (target\debug\deps\schedule_cron_ranges-6c531ff4dbc4bd14.exe)

running 18 tests
test should_deduplicate_overlapping_ranges ... ok
test should_clamp_range_to_field_bounds ... ok
test should_handle_all_field_ranges_simultaneously ... ok
test should_handle_range_at_boundary_max ... ok
test should_handle_range_at_boundary_min ... ok
test should_handle_single_value_range ... ok
test should_ignore_reversed_ranges ... ok
test should_maintain_sorted_output ... ok
test should_match_times_in_range ... ok
test should_merge_ranges_with_csv ... ok
test should_not_support_range_with_step ... ok
test should_reject_malformed_range_without_dash ... ok
test should_support_day_ranges ... ok
test should_support_hour_ranges ... ok
test should_support_minute_ranges ... ok
test should_support_month_ranges ... ok
test should_support_weekday_ranges ... ok
test should_work_with_step_syntax ... ok

test result: ok. 18 passed; 0 failed; 0 ignored; 0 measured; 0 filtered out; finished in 0.00s

     Running tests\schedule_e2e_basic.rs (target\debug\deps\schedule_e2e_basic-106c860b93b132c9.exe)

running 16 tests
test should_decode_payload_with_missing_cron_field ... ok
test should_decode_with_empty_operation_field ... ok
test should_encode_multiple_payloads_independently ... ok
test should_encode_and_decode_schedule_payload ... ok
test should_handle_long_resource_and_operation_names ... ok
test should_handle_special_characters_in_fields ... ok
test should_handle_unicode_in_resource_and_operation ... ok
test should_parse_valid_cron_every_minute ... ok
test should_parse_valid_cron_max_values ... ok
test should_parse_valid_cron_min_values ... ok
test should_parse_valid_cron_with_list_syntax ... ok
test should_parse_valid_cron_with_range_syntax ... ok
test should_parse_valid_cron_with_step_syntax ... ok
test should_parse_valid_cron_workday_9am ... ok
test should_preserve_payload_through_roundtrip ... ok
test should_reject_malformed_tlv_payload ... ok

test result: ok. 16 passed; 0 failed; 0 ignored; 0 measured; 0 filtered out; finished in 0.00s

     Running tests\schedule_indexed_scale.rs (target\debug\deps\schedule_indexed_scale-079e5d30427edf18.exe)

running 12 tests
test should_gracefully_handle_clock_skew ... ok
test should_batch_updates_for_efficiency ... ok
test should_compute_next_fire_time_correctly ... ok
test should_find_next_matching_time ... ok
test should_handle_multiple_schedules_in_same_bucket ... ok
test should_handle_cron_with_multiple_times_per_day ... ok
test should_have_efficient_bucket_distribution ... ok
test should_preserve_next_fire_time_across_cron_computation ... ok
test should_scale_to_millions_with_windowed_scan ... ok
test should_span_multiple_buckets_with_long_interval ... ok
test should_window_scan_contain_all_due_schedules ... ok
test should_handle_never_matching_cron ... ok

test result: ok. 12 passed; 0 failed; 0 ignored; 0 measured; 0 filtered out; finished in 0.00s

     Running tests\stream_auth.rs (target\debug\deps\stream_auth-9b4f0e75723cd1d3.exe)

running 12 tests
test should_allow_wildcard_permission_for_all_resources ... ok
test should_allow_read_with_read_only_permission ... ok
test should_allow_read_with_read_permission ... ok
test should_allow_begin_session_with_write_permission ... ok
test should_check_permissions_on_get_metadata ... ok
test should_check_permissions_on_peek_operation ... ok
test should_deny_write_with_read_only_permission ... ok
test should_enforce_area_boundary_in_permissions ... ok
test should_reject_begin_session_without_write_permission ... ok
test should_enforce_realm_boundary_in_permissions ... ok
test should_reject_commit_without_write_permission ... ok
test should_reject_read_without_read_permission ... ok

test result: ok. 12 passed; 0 failed; 0 ignored; 0 measured; 0 filtered out; finished in 0.05s

     Running tests\stream_e2e_basic.rs (target\debug\deps\stream_e2e_basic-bde7c8dda59835f3.exe)

running 7 tests
test should_abort_session_without_committing ... ok
test should_assign_sequential_resource_offsets ... ok
test should_append_single_event_to_stream ... ok
test should_append_batch_of_events ... ok
test should_peek_at_last_committed_event ... ok
test should_handle_session_with_ingest_metadata ... ok
test should_isolate_streams_across_resources ... ok

test result: ok. 7 passed; 0 failed; 0 ignored; 0 measured; 0 filtered out; finished in 0.03s

     Running tests\stream_realm_isolation.rs (target\debug\deps\stream_realm_isolation-82f44af298464bc0.exe)

running 9 tests
test should_bind_realm_immutably_at_construction ... ok
test should_accept_sessions_only_in_bound_realm ... ok
test should_create_distinct_actors_per_realm ... ok
test should_achieve_isolation_through_actor_design ... ok
test should_prevent_runtime_realm_changes ... ok
test should_rely_on_auth_layer_for_realm_validation ... ok
test should_isolate_realm_sessions ... ok
test should_route_to_correct_realm_actor ... ok
test should_use_independent_storage_per_realm ... ok

test result: ok. 9 passed; 0 failed; 0 ignored; 0 measured; 0 filtered out; finished in 0.06s

     Running tests\stream_semantics.rs (target\debug\deps\stream_semantics-975446e410b735d0.exe)

running 12 tests
test should_advance_watermark_only_on_contiguous_commits ... ok
test should_allow_new_session_after_abort ... ok
test should_enforce_realm_isolation ... ok
test should_enforce_area_isolation_within_realm ... ok
test should_process_pending_commits_after_lease_grant ... ok
test should_reject_commit_with_wrong_expected_offset ... ok
test should_reject_second_session_when_one_active ... ok
test should_reject_event_exceeding_max_size ... ok
test should_request_lease_when_insufficient_capacity ... ok
test should_track_committed_ranges_for_gap_detection ... ok
test should_allow_new_session_after_commit ... ok
test should_debounce_area_watermark_notifications ... ok

test result: ok. 12 passed; 0 failed; 0 ignored; 0 measured; 0 filtered out; finished in 0.13s

   Doc-tests fitz

running 10 tests
test src\runtime\cf_validation.rs - runtime::cf_validation::validate_route_family (line 66) - compile ... ok
test src\runtime\cf_validation.rs - runtime::cf_validation::validate_cf_not_default (line 38) - compile ... ok
test src\runtime\cf_validation.rs - runtime::cf_validation::route_family_to_cf (line 96) - compile ... ok
test src\runtime\routing.rs - runtime::routing::RouteAddress::new (line 323) ... ok
test src\runtime\routing.rs - runtime::routing (line 89) ... ok
test src\runtime\routing.rs - runtime::routing::Route::new (line 277) ... ok
test src\testkit\midge.rs - testkit::midge (line 13) - compile ... ok
test src\runtime\routing.rs - runtime::routing (line 113) ... ok
test src\testkit\midge.rs - testkit::midge::create_test_engine_with_cfs (line 54) - compile ... ok
test src\runtime\routing.rs - runtime::routing::RouteFamily::new (line 187) ... ok

test result: ok. 10 passed; 0 failed; 0 ignored; 0 measured; 0 filtered out; finished in 4.49s

